#show system boot-messages | no-more

Copyright (c) 1996-2014, Juniper Networks, Inc.
All rights reserved.
Copyright (c) 1992-2007 The FreeBSD Project.
Copyright (c) 1979, 1980, 1983, 1986, 1988, 1989, 1991, 1992, 1993, 1994
	The Regents of the University of California. All rights reserved.
FreeBSD is a registered trademark of The FreeBSD Foundation.
JUNOS 14.1R1.10 #0: 2014-06-07 09:37:07 UTC
    builder@larth.juniper.net:/volume/build/junos/14.1/release/14.1R1.10/obj-i386/junos/bsd/kernels/JUNIPER/kernel
Timecounter "i8254" frequency 1193182 Hz quality 0
CPU: Intel(R) Xeon(R) CPU E3-1535M v5 @ 2.90GHz (2904.03-MHz 686-class CPU)
  Origin = "GenuineIntel"  Id = 0x506e3  Stepping = 3
  Features=0x1783fbff<FPU,VME,DE,PSE,TSC,MSR,PAE,MCE,CX8,APIC,SEP,MTRR,PGE,MCA,CMOV,PAT,PSE36,MMX,FXSR,SSE,SSE2,HTT>
  Features2=0x56da2203<SSE3,<b1>,SSSE3,CX16,<b17>,SSE4.1,SSE4.2,MOVBE,POPCNT,<b25>,XSAVE,<b28>,<b30>>
  AMD Features=0x8100000<NX,RDTSCP>
  AMD Features2=0x121<LAHF,ABM,Prefetch>
  Cores per package: 2
real memory  = 805240832 (767 MB)
avail memory = 771051520 (735 MB)
MPTable: <VBOXCPU  VirtualBox  >
pnpbios: Bad PnP BIOS data checksum
Security policy loaded: Junos MAC/veriexec (mac_veriexec)
Security policy loaded: JUNOS MAC/runasnonroot (mac_runasnonroot)
Security policy loaded: JUNOS MAC/pcap (mac_pcap)
MAC/veriexec fingerprint module loaded: SHA256
MAC/veriexec fingerprint module loaded: SHA1
ioapic0: Assuming intbase of 0
ioapic0 <Version 2.0> irqs 0-23 on motherboard
Initializing M/T/EX platform properties ..
cpu0 on motherboard
pcib0: <Host to PCI bridge> pcibus 0 on motherboard
pir0: <PCI Interrupt Routing Table: 30 Entries> on motherboard
pci0: <PCI bus> on pcib0
Correcting Natoma config for non-SMP
isab0: <PCI-ISA bridge> at device 1.0 on pci0
isa0: <ISA bus> on isab0
atapci0: <Intel PIIX4 UDMA33 controller> port 0x1f0-0x1f7,0x3f6,0x170-0x177,0x376,0xd000-0xd00f at device 1.1 on pci0
ata0: <ATA channel 0> on atapci0
ata1: <ATA channel 1> on atapci0
pci0: <display, VGA> at device 2.0 (no driver attached)
virtio_pci0: <VirtIO PCI Network adapter> port 0xd020-0xd03f irq 9 at device 3.0 on pci0
em0: <VirtIO Networking Adapter> on virtio_pci0
virtio_pci0: host features: 0x410fdda3 <NotifyOnEmpty,VLanFilter,RxMode,ControlVq,Status,MrgRxBuf,TxUFO,TxTSOv6,TxTSOv4,RxUFO,RxTSOv6,RxTSOv4,MacAddress,RxChecksum,TxChecksum>
virtio_pci0: negotiated features: 0x10f8020 <NotifyOnEmpty,VLanFilter,RxMode,ControlVq,Status,MrgRxBuf,MacAddress>
pci0: <base peripheral> at device 4.0 (no driver attached)
smb0: <Intel 82371AB SMB controller> irq 9 at device 7.0 on pci0
virtio_pci1: <VirtIO PCI Network adapter> port 0xd060-0xd07f irq 11 at device 8.0 on pci0
em1: <VirtIO Networking Adapter> on virtio_pci1
virtio_pci1: host features: 0x410fdda3 <NotifyOnEmpty,VLanFilter,RxMode,ControlVq,Status,MrgRxBuf,TxUFO,TxTSOv6,TxTSOv4,RxUFO,RxTSOv6,RxTSOv4,MacAddress,RxChecksum,TxChecksum>
virtio_pci1: negotiated features: 0x10f8020 <NotifyOnEmpty,VLanFilter,RxMode,ControlVq,Status,MrgRxBuf,MacAddress>
virtio_pci2: <VirtIO PCI Network adapter> port 0xd080-0xd09f irq 11 at device 9.0 on pci0
em2: <VirtIO Networking Adapter> on virtio_pci2
virtio_pci2: host features: 0x410fdda3 <NotifyOnEmpty,VLanFilter,RxMode,ControlVq,Status,MrgRxBuf,TxUFO,TxTSOv6,TxTSOv4,RxUFO,RxTSOv6,RxTSOv4,MacAddress,RxChecksum,TxChecksum>
virtio_pci2: negotiated features: 0x10f8020 <NotifyOnEmpty,VLanFilter,RxMode,ControlVq,Status,MrgRxBuf,MacAddress>
virtio_pci3: <VirtIO PCI Network adapter> port 0xd0a0-0xd0bf irq 10 at device 10.0 on pci0
em3: <VirtIO Networking Adapter> on virtio_pci3
virtio_pci3: host features: 0x410fdda3 <NotifyOnEmpty,VLanFilter,RxMode,ControlVq,Status,MrgRxBuf,TxUFO,TxTSOv6,TxTSOv4,RxUFO,RxTSOv6,RxTSOv4,MacAddress,RxChecksum,TxChecksum>
virtio_pci3: negotiated features: 0x10f8020 <NotifyOnEmpty,VLanFilter,RxMode,ControlVq,Status,MrgRxBuf,MacAddress>
virtio_pci4: <VirtIO PCI Network adapter> port 0xd0c0-0xd0df irq 11 at device 16.0 on pci0
em4: <VirtIO Networking Adapter> on virtio_pci4
virtio_pci4: host features: 0x410fdda3 <NotifyOnEmpty,VLanFilter,RxMode,ControlVq,Status,MrgRxBuf,TxUFO,TxTSOv6,TxTSOv4,RxUFO,RxTSOv6,RxTSOv4,MacAddress,RxChecksum,TxChecksum>
virtio_pci4: negotiated features: 0x10f8020 <NotifyOnEmpty,VLanFilter,RxMode,ControlVq,Status,MrgRxBuf,MacAddress>
virtio_pci5: <VirtIO PCI Network adapter> port 0xd0e0-0xd0ff irq 11 at device 17.0 on pci0
em5: <VirtIO Networking Adapter> on virtio_pci5
virtio_pci5: host features: 0x410fdda3 <NotifyOnEmpty,VLanFilter,RxMode,ControlVq,Status,MrgRxBuf,TxUFO,TxTSOv6,TxTSOv4,RxUFO,RxTSOv6,RxTSOv4,MacAddress,RxChecksum,TxChecksum>
virtio_pci5: negotiated features: 0x10f8020 <NotifyOnEmpty,VLanFilter,RxMode,ControlVq,Status,MrgRxBuf,MacAddress>
virtio_pci6: <VirtIO PCI Network adapter> port 0xd100-0xd11f irq 10 at device 18.0 on pci0
em6: <VirtIO Networking Adapter> on virtio_pci6
virtio_pci6: host features: 0x410fdda3 <NotifyOnEmpty,VLanFilter,RxMode,ControlVq,Status,MrgRxBuf,TxUFO,TxTSOv6,TxTSOv4,RxUFO,RxTSOv6,RxTSOv4,MacAddress,RxChecksum,TxChecksum>
virtio_pci6: negotiated features: 0x10f8020 <NotifyOnEmpty,VLanFilter,RxMode,ControlVq,Status,MrgRxBuf,MacAddress>
virtio_pci7: <VirtIO PCI Network adapter> port 0xd120-0xd13f irq 9 at device 19.0 on pci0
em7: <VirtIO Networking Adapter> on virtio_pci7
virtio_pci7: host features: 0x410fdda3 <NotifyOnEmpty,VLanFilter,RxMode,ControlVq,Status,MrgRxBuf,TxUFO,TxTSOv6,TxTSOv4,RxUFO,RxTSOv6,RxTSOv4,MacAddress,RxChecksum,TxChecksum>
virtio_pci7: negotiated features: 0x10f8020 <NotifyOnEmpty,VLanFilter,RxMode,ControlVq,Status,MrgRxBuf,MacAddress>
orm0: <ISA Option ROM> at iomem 0xc0000-0xc7fff on isa0
atkbdc0: <Keyboard controller (i8042)> at port 0x60,0x64 on isa0
atkbd0: <AT Keyboard> irq 1 on atkbdc0
kbd0 at atkbd0
psm0: <PS/2 Mouse> irq 12 on atkbdc0
psm0: model IntelliMouse Explorer, device ID 4
vga0: <Generic ISA VGA> at port 0x3c0-0x3df iomem 0xa0000-0xbffff on isa0
sc0: <System console> at flags 0x100 on isa0
sc0: VGA <16 virtual consoles, flags=0x100>
sio0 at port 0x3f8-0x3ff irq 4 flags 0x90 on isa0
sio0: type 16550A, console
sio1: configured irq 5 not in bitmap of probed irqs 0
sio1: port may not be enabled
sio2: configured irq 3 not in bitmap of probed irqs 0
sio2: port may not be enabled
sio3: configured irq 7 not in bitmap of probed irqs 0
sio3: port may not be enabled
Setting product type to vmx..
Set Atlas fpc 12 & pfe 4 slots..
Initializing product: 161 ..
Setting up M/T interface operations and attributes
Timecounter "TSC" frequency 2904025371 Hz quality 800
 Loading Redundant LT driver
###PCB Group initialized for udppcbgroup
###PCB Group initialized for tcppcbgroup
ad0: 20480MB <VBOX HARDDISK 1.0> at ata0-master UDMA33
Kernel thread "wkupdaemon" (pid 49) exited prematurely.
Trying to mount root from ufs:/dev/ad0s1a
WARNING: / was not properly dismounted


